[top20.hanhtrinhlotxac.vn/baiduthi/bui-van-quang/index.html]
[backblue.gif]
[fade.gif]
[index.html]
[top20.hanhtrinhlotxac.vn/wp-includes/css/dist/block-library/style.mind03b.css]
[top20.hanhtrinhlotxac.vn/wp-content/themes/Hanhtrinhlotxac2019/Module/Post/media/css/post1f4a.css]
[www.googleadservices.com/pagead/f.txt]
[top20.hanhtrinhlotxac.vn/wp-content/themes/Hanhtrinhlotxac2019/Module/Post/media/images/logo1f4a.png]
[top20.hanhtrinhlotxac.vn/wp-content/themes/Hanhtrinhlotxac2019/Module/Post/media/css/post4022.css]
[top20.hanhtrinhlotxac.vn/wp-content/uploads/2020/09/Bui-Van-Quang-1.jpg]
[top20.hanhtrinhlotxac.vn/wp-content/uploads/2020/09/Bui-Van-Quang-mobile-1.jpg]
[top20.hanhtrinhlotxac.vn/wp-content/themes/Hanhtrinhlotxac2019/Module/Post/media/images/post/icon-logo.png]
[top20.hanhtrinhlotxac.vn/wp-content/themes/Hanhtrinhlotxac2019/Module/Post/media/images/post/banner-post.jpg]
[top20.hanhtrinhlotxac.vn/wp-content/themes/Hanhtrinhlotxac2019/Module/Post/media/images/post/banner-post-m.jpg]
[top20.hanhtrinhlotxac.vn/wp-content/uploads/2020/09/bui-van-quang.jpg]
[top20.hanhtrinhlotxac.vn/wp-content/uploads/2020/09/bui-van-quang-2.jpg]
[top20.hanhtrinhlotxac.vn/wp-content/uploads/2020/09/bui-van-quang-4.jpg]
[top20.hanhtrinhlotxac.vn/rs/index914e.html]
[top20.hanhtrinhlotxac.vn/rs/indexb76d.html]
[top20.hanhtrinhlotxac.vn/rs/index6f0a.html]
[top20.hanhtrinhlotxac.vn/wp-content/themes/Hanhtrinhlotxac2019/Module/Post/media/js/jquery.min.js]
[top20.hanhtrinhlotxac.vn/wp-content/themes/Hanhtrinhlotxac2019/Module/Post/media/js/lib-min.js]
[top20.hanhtrinhlotxac.vn/wp-content/themes/Hanhtrinhlotxac2019/Module/Post/media/js/tiny-slider.js]
[top20.hanhtrinhlotxac.vn/wp-content/themes/Hanhtrinhlotxac2019/Module/Post/media/js/smoothproducts.min.js]
[top20.hanhtrinhlotxac.vn/wp-content/themes/Hanhtrinhlotxac2019/Module/Post/media/js/setup77ae.js]
[top20.hanhtrinhlotxac.vn/wp-content/themes/Hanhtrinhlotxac2019/vote1bce.js]
[top20.hanhtrinhlotxac.vn/baiduthi/bui-van-quang/index.html]
[top20.hanhtrinhlotxac.vn/wp-includes/css/dist/block-library/style.mind03b.css]
[connect.facebook.net/en_US/fbevents.js]
[top20.hanhtrinhlotxac.vn/wp-content/themes/Hanhtrinhlotxac2019/Module/Post/media/images/logo.png]
[top20.hanhtrinhlotxac.vn/wp-content/themes/Hanhtrinhlotxac2019/Module/Post/media/images/pop-map.jpg]
[top20.hanhtrinhlotxac.vn/wp-content/themes/Hanhtrinhlotxac2019/Module/Post/media/css/post1f4a.css]
[top20.hanhtrinhlotxac.vn/wp-content/themes/Hanhtrinhlotxac2019/Module/Post/media/css/post4022.css]
[connect.facebook.net/en_US/fbevents.js]
